# <name> <git url> <rev> <desc>
KallRecon https://github.com/Dere3046/KallRecon.git 138799c kernel symbol recovery
Type_info https://github.com/Dere3046/Type_info.git 0015bbe runtime struct layout via BTF
hidemod https://github.com/Dere3046/hidemod.git 5c9b464 hide module from module_list
KernCall https://github.com/Dere3046/KernCall.git 6b94207 syscall channel over ni_syscall
rwMemory https://github.com/Dere3046/rwMemory.git da50a31 cross process memory rw
HooKern https://github.com/Dere3046/HooKern.git 3f1cdd0 kernel hook toolbox
MountHide https://github.com/Dere3046/MountHide.git 1918d15 mount output hiding
BlockDeviceHook https://github.com/Dere3046/BlockDeviceHook.git ec5295c block device protection
rust_support https://github.com/Dere3046/RaanaSDK.git dc55b5e7b25df374a8d446a5f9e4c73d3e818a38 rust runtime provider
atmm builtin - AT hardware address translation
credroot builtin - cred replace privilege escalation
hwbreakpoint builtin - hardware breakpoint debug
hidedir builtin - proc directory hiding
seccomp builtin - seccomp filter cache control
kfile builtin - kernel file io with cred override
mntns builtin - mount namespace enter
selinuxhide builtin - selinux setprocattr spoof
sepolicy builtin - selinux policy injection
kevent builtin - kernel userspace event queue
apksig builtin - apk v2 signature fingerprint
pkgwatch builtin - package list watch and manager scan
execshim builtin - exec path and env rewrite
uiddb builtin - uid keyed record store
selinuxid builtin - SELinux identity primitives
pgtool builtin - page table read only inspection
fdwrap builtin - cross domain fd bridge
sulog builtin - su audit event payload
